// Jest Snapshot v1, https://goo.gl/fbAQLP

exports[`should render Header correctly 1`] = `
<header>
  <h1>
     Expensify
  </h1>
  <NavLink
    activeClassName="is-active"
    exact={true}
    to="/"
  >
     Go Home
  </NavLink>
  <NavLink
    activeClassName="is-active"
    to="/create"
  >
    create page
  </NavLink>
  <NavLink
    activeClassName="is-active"
    to="/edit"
  >
     Click here
  </NavLink>
  <NavLink
    activeClassName="is-active"
    to="help"
  >
    Help
  </NavLink>
</header>
`;
